Gateway spec should match snapshot when using default values:
  1: |
    affinity:
      nodeAffinity:
        requiredDuringSchedulingIgnoredDuringExecution:
          nodeSelectorTerms:
            - matchExpressions:
                - key: eks.amazonaws.com/compute-type
                  operator: NotIn
                  values:
                    - fargate
                - key: kubernetes.io/arch
                  operator: In
                  values:
                    - amd64
                    - arm64
                - key: kubernetes.io/os
                  operator: In
                  values:
                    - linux
    containers:
      - command:
          - /solarwinds-otel-collector
          - --config=/conf/gateway.config
        env:
          - name: MY_POD_IP
            valueFrom:
              fieldRef:
                apiVersion: v1
                fieldPath: status.podIP
          - name: SOLARWINDS_API_TOKEN
            valueFrom:
              secretKeyRef:
                key: SOLARWINDS_API_TOKEN
                name: solarwinds-api-token
                optional: true
          - name: GOMEMLIMIT
            valueFrom:
              resourceFieldRef:
                resource: limits.memory
        envFrom:
          - configMapRef:
              name: RELEASE-NAME-swo-k8s-collector-common-env
        image: solarwinds/solarwinds-otel-collector:1.0.0-k8s
        imagePullPolicy: IfNotPresent
        livenessProbe:
          httpGet:
            path: /
            port: 13133
          initialDelaySeconds: 10
        name: swi-opentelemetry-collector
        ports:
          - containerPort: 4317
            name: otlp-grpc
            protocol: TCP
          - containerPort: 4318
            name: otlp-http
            protocol: TCP
          - containerPort: 8888
            name: metrics
            protocol: TCP
        readinessProbe:
          httpGet:
            path: /
            port: 13133
          initialDelaySeconds: 10
        resources:
          limits:
            cpu: 1000m
            memory: 1024Mi
          requests:
            cpu: 100m
            memory: 128Mi
        securityContext:
          allowPrivilegeEscalation: false
          capabilities:
            drop:
              - ALL
          readOnlyRootFilesystem: true
          runAsNonRoot: true
          runAsUser: 10001
          seccompProfile:
            type: RuntimeDefault
        volumeMounts:
          - mountPath: /conf
            name: opentelemetry-collector-configmap
            readOnly: true
    initContainers:
      - command:
          - /connection-check
          - --endpoint=$(OTEL_ENVOY_ADDRESS)
          - --apitoken=$(SOLARWINDS_API_TOKEN)
          - --clusteruid=$(CLUSTER_UID)
          - --insecure=$(OTEL_ENVOY_ADDRESS_TLS_INSECURE)
        env:
          - name: SOLARWINDS_API_TOKEN
            valueFrom:
              secretKeyRef:
                key: SOLARWINDS_API_TOKEN
                name: solarwinds-api-token
                optional: true
        envFrom:
          - configMapRef:
              name: RELEASE-NAME-swo-k8s-collector-common-env
        image: solarwinds/solarwinds-otel-collector:1.0.0-k8s
        imagePullPolicy: IfNotPresent
        name: otel-endpoint-check
    securityContext:
      fsGroup: 10001
    serviceAccountName: RELEASE-NAME-swo-k8s-collector
    terminationGracePeriodSeconds: 30
    volumes:
      - configMap:
          items:
            - key: gateway.config
              path: gateway.config
          name: RELEASE-NAME-swo-k8s-collector-gateway-config
        name: opentelemetry-collector-configmap
