DaemonSet spec should match snapshot when ebpfNetworkMonitoring is enabled:
  1: |
    affinity:
      nodeAffinity:
        requiredDuringSchedulingIgnoredDuringExecution:
          nodeSelectorTerms:
            - matchExpressions:
                - key: eks.amazonaws.com/compute-type
                  operator: NotIn
                  values:
                    - fargate
    containers:
      - command:
          - /wrapper
          - /swi-otelcol
          - --config=/conf/relay.yaml
        env:
          - name: CHECKPOINT_DIR
            value: /var/lib/swo/checkpoints
          - name: POD_NAME
            valueFrom:
              fieldRef:
                fieldPath: metadata.name
          - name: POD_NAMESPACE
            valueFrom:
              fieldRef:
                fieldPath: metadata.namespace
          - name: NODE_NAME
            valueFrom:
              fieldRef:
                fieldPath: spec.nodeName
          - name: SOLARWINDS_API_TOKEN
            valueFrom:
              secretKeyRef:
                key: SOLARWINDS_API_TOKEN
                name: solarwinds-api-token
                optional: true
        envFrom:
          - configMapRef:
              name: RELEASE-NAME-swo-k8s-collector-common-env
        image: solarwinds/swi-opentelemetry-collector:0.8.8
        imagePullPolicy: IfNotPresent
        livenessProbe:
          httpGet:
            path: /
            port: 13133
        name: swi-opentelemetry-collector
        ports:
          - containerPort: 8888
            name: http
            protocol: TCP
        readinessProbe:
          httpGet:
            path: /
            port: 13133
        resources:
          limits:
            memory: 700Mi
          requests:
            memory: 50Mi
        volumeMounts:
          - mountPath: /var/log/pods
            name: varlogpods
            readOnly: true
          - mountPath: /var/log/containers
            name: varlogcontainers
            readOnly: true
          - mountPath: /var/lib/docker/containers
            name: varlibdockercontainers
            readOnly: true
          - mountPath: /conf
            name: opentelemetry-collector-configmap
            readOnly: true
          - mountPath: /run/log/journal
            name: runlogjournal
            readOnly: true
          - mountPath: /var/log/journal
            name: varlogjournal
            readOnly: true
          - mountPath: /var/lib/swo/checkpoints
            name: logcheckpoints
      - args:
          - --config-file=/etc/network-explorer/config.yaml
          - --disable-nomad-metadata
          - --warning
        env:
          - name: EBPF_NET_CLUSTER_NAME
            value: <CLUSTER_NAME>
          - name: EBPF_NET_DISABLE_HTTP_METRICS
            value: "false"
          - name: EBPF_NET_KERNEL_HEADERS_AUTO_FETCH
            value: "true"
          - name: EBPF_NET_INTAKE_HOST
            value: RELEASE-NAME-swo-k8s-collector-network-k8s-reducer
          - name: EBPF_NET_INTAKE_PORT
            value: "7000"
          - name: EBPF_NET_HOST_DIR
            value: /hostfs
          - name: EBPF_NET_CRASH_METRIC_HOST
            value: RELEASE-NAME-swo-k8s-collector-metrics-collector
          - name: EBPF_NET_CRASH_METRIC_PORT
            value: "4317"
          - name: BCC_PROBE_SUFFIX
            value: <CLUSTER_NAME>
        image: otel/opentelemetry-ebpf-kernel-collector:v0.10.0
        imagePullPolicy: IfNotPresent
        name: swi-kernel-collector
        resources: {}
        securityContext:
          privileged: true
        volumeMounts:
          - mountPath: /hostfs/
            name: host-root
            readOnly: true
          - mountPath: /hostfs/var/cache
            name: host-var-cache
            readOnly: false
          - mountPath: /etc/network-explorer
            name: RELEASE-NAME-swo-k8s-collector-network-otel-collector-config
            readOnly: true
    dnsPolicy: ClusterFirstWithHostNet
    hostNetwork: true
    hostPID: true
    nodeSelector:
      kubernetes.io/arch: amd64
      kubernetes.io/os: linux
    securityContext:
      fsGroup: 0
      runAsGroup: 0
      runAsUser: 0
    serviceAccountName: RELEASE-NAME-swo-k8s-collector
    terminationGracePeriodSeconds: 30
    tolerations:
      - effect: NoSchedule
        operator: Exists
    volumes:
      - hostPath:
          path: /var/log/pods
        name: varlogpods
      - hostPath:
          path: /var/log/containers
        name: varlogcontainers
      - hostPath:
          path: /var/lib/docker/containers
        name: varlibdockercontainers
      - hostPath:
          path: /run/log/journal
        name: runlogjournal
      - hostPath:
          path: /var/log/journal
        name: varlogjournal
      - hostPath:
          path: /var/lib/swo/checkpoints/<CLUSTER_UID>
          type: DirectoryOrCreate
        name: logcheckpoints
      - configMap:
          items:
            - key: logs.config
              path: relay.yaml
          name: RELEASE-NAME-swo-k8s-collector-node-collector-config
        name: opentelemetry-collector-configmap
      - name: RELEASE-NAME-swo-k8s-collector-network-otel-collector-config
        projected:
          sources:
            - configMap:
                items:
                  - key: config.yaml
                    path: config.yaml
                name: RELEASE-NAME-swo-k8s-collector-network-otel-collector-config
      - hostPath:
          path: /
          type: Directory
        name: host-root
      - hostPath:
          path: /var/cache
          type: DirectoryOrCreate
        name: host-var-cache
DaemonSet spec should match snapshot when using default values:
  1: |
    affinity:
      nodeAffinity:
        requiredDuringSchedulingIgnoredDuringExecution:
          nodeSelectorTerms:
            - matchExpressions:
                - key: eks.amazonaws.com/compute-type
                  operator: NotIn
                  values:
                    - fargate
    containers:
      - command:
          - /wrapper
          - /swi-otelcol
          - --config=/conf/relay.yaml
        env:
          - name: CHECKPOINT_DIR
            value: /var/lib/swo/checkpoints
          - name: POD_NAME
            valueFrom:
              fieldRef:
                fieldPath: metadata.name
          - name: POD_NAMESPACE
            valueFrom:
              fieldRef:
                fieldPath: metadata.namespace
          - name: NODE_NAME
            valueFrom:
              fieldRef:
                fieldPath: spec.nodeName
          - name: SOLARWINDS_API_TOKEN
            valueFrom:
              secretKeyRef:
                key: SOLARWINDS_API_TOKEN
                name: solarwinds-api-token
                optional: true
        envFrom:
          - configMapRef:
              name: RELEASE-NAME-swo-k8s-collector-common-env
        image: solarwinds/swi-opentelemetry-collector:0.8.8
        imagePullPolicy: IfNotPresent
        livenessProbe:
          httpGet:
            path: /
            port: 13133
        name: swi-opentelemetry-collector
        ports:
          - containerPort: 8888
            name: http
            protocol: TCP
        readinessProbe:
          httpGet:
            path: /
            port: 13133
        resources:
          limits:
            memory: 700Mi
          requests:
            memory: 50Mi
        volumeMounts:
          - mountPath: /var/log/pods
            name: varlogpods
            readOnly: true
          - mountPath: /var/log/containers
            name: varlogcontainers
            readOnly: true
          - mountPath: /var/lib/docker/containers
            name: varlibdockercontainers
            readOnly: true
          - mountPath: /conf
            name: opentelemetry-collector-configmap
            readOnly: true
          - mountPath: /run/log/journal
            name: runlogjournal
            readOnly: true
          - mountPath: /var/log/journal
            name: varlogjournal
            readOnly: true
          - mountPath: /var/lib/swo/checkpoints
            name: logcheckpoints
    nodeSelector:
      kubernetes.io/arch: amd64
      kubernetes.io/os: linux
    securityContext:
      fsGroup: 0
      runAsGroup: 0
      runAsUser: 0
    terminationGracePeriodSeconds: 30
    tolerations:
      - effect: NoSchedule
        operator: Exists
    volumes:
      - hostPath:
          path: /var/log/pods
        name: varlogpods
      - hostPath:
          path: /var/log/containers
        name: varlogcontainers
      - hostPath:
          path: /var/lib/docker/containers
        name: varlibdockercontainers
      - hostPath:
          path: /run/log/journal
        name: runlogjournal
      - hostPath:
          path: /var/log/journal
        name: varlogjournal
      - hostPath:
          path: /var/lib/swo/checkpoints/<CLUSTER_UID>
          type: DirectoryOrCreate
        name: logcheckpoints
      - configMap:
          items:
            - key: logs.config
              path: relay.yaml
          name: RELEASE-NAME-swo-k8s-collector-node-collector-config
        name: opentelemetry-collector-configmap
