Reducer spec should match snapshot when using default values:
  1: |
    containers:
      - args:
          - --port=7000
          - --log-console
          - --no-log-file
          - --warning
          - --enable-aws-enrichment
          - --enable-id-id
          - --disable-prometheus-metrics
          - --enable-otlp-grpc-metrics
          - --otlp-grpc-metrics-host=RELEASE-NAME-swo-k8s-collector-collector
          - --otlp-grpc-metrics-port=4317
          - --num-ingest-shards=1
          - --num-matching-shards=1
          - --num-aggregation-shards=1
        env:
          - name: EBPF_NET_CRASH_METRIC_HOST
            value: RELEASE-NAME-swo-k8s-collector-collector
          - name: EBPF_NET_CRASH_METRIC_PORT
            value: "4317"
        image: otel/opentelemetry-ebpf-reducer:v0.10.0
        imagePullPolicy: Always
        name: reducer
        ports:
          - containerPort: 7000
            name: telemetry
            protocol: TCP
        readinessProbe:
          exec:
            command:
              - /srv/health_check.sh
              - readiness_probe
              - localhost
              - "7000"
          initialDelaySeconds: 5
          periodSeconds: 20
          timeoutSeconds: 5
        resources: null
        volumeMounts: null
    nodeSelector:
      kubernetes.io/arch: amd64
      kubernetes.io/os: linux
    volumes: null
